13:59:27 **** Build of configuration Debug for project STM32F722ZE_Nucleo ****
make all 
arm-none-eabi-gcc "C:/Users/HoFong/STM32Cube/Repository/STM32Cube_FW_F7_V1.17.1/Projects/STM32F722ZE-Nucleo/Examples/PWR/PWR_CurrentConsumption/Src/main.c" -mcpu=cortex-m7 -std=gnu11 -g3 -DSTM32F722xx -DUSE_HAL_DRIVER -DUSE_STM32F7XX_NUCLEO_144 -c -I../../../Inc -I../../../../../../../../Drivers/CMSIS/Device/ST/STM32F7xx/Include -I../../../../../../../../Drivers/STM32F7xx_HAL_Driver/Inc -I../../../../../../../../Drivers/BSP/STM32F7xx_Nucleo_144 -I../../../../../../../../Drivers/CMSIS/Include -Os -ffunction-sections -Wall -fstack-usage -fcyclomatic-complexity -MMD -MP -MF"Example/User/main.d" -MT"Example/User/main.o" --specs=nano.specs -mfpu=fpv5-sp-d16 -mfloat-abi=hard -mthumb -o "Example/User/main.o"
arm-none-eabi-gcc "C:/Users/HoFong/STM32Cube/Repository/STM32Cube_FW_F7_V1.17.1/Projects/STM32F722ZE-Nucleo/Examples/PWR/PWR_CurrentConsumption/Src/stm32f7xx_hal_msp.c" -mcpu=cortex-m7 -std=gnu11 -g3 -DSTM32F722xx -DUSE_HAL_DRIVER -DUSE_STM32F7XX_NUCLEO_144 -c -I../../../Inc -I../../../../../../../../Drivers/CMSIS/Device/ST/STM32F7xx/Include -I../../../../../../../../Drivers/STM32F7xx_HAL_Driver/Inc -I../../../../../../../../Drivers/BSP/STM32F7xx_Nucleo_144 -I../../../../../../../../Drivers/CMSIS/Include -Os -ffunction-sections -Wall -fstack-usage -fcyclomatic-complexity -MMD -MP -MF"Example/User/stm32f7xx_hal_msp.d" -MT"Example/User/stm32f7xx_hal_msp.o" --specs=nano.specs -mfpu=fpv5-sp-d16 -mfloat-abi=hard -mthumb -o "Example/User/stm32f7xx_hal_msp.o"
arm-none-eabi-gcc "C:/Users/HoFong/STM32Cube/Repository/STM32Cube_FW_F7_V1.17.1/Projects/STM32F722ZE-Nucleo/Examples/PWR/PWR_CurrentConsumption/Src/stm32f7xx_it.c" -mcpu=cortex-m7 -std=gnu11 -g3 -DSTM32F722xx -DUSE_HAL_DRIVER -DUSE_STM32F7XX_NUCLEO_144 -c -I../../../Inc -I../../../../../../../../Drivers/CMSIS/Device/ST/STM32F7xx/Include -I../../../../../../../../Drivers/STM32F7xx_HAL_Driver/Inc -I../../../../../../../../Drivers/BSP/STM32F7xx_Nucleo_144 -I../../../../../../../../Drivers/CMSIS/Include -Os -ffunction-sections -Wall -fstack-usage -fcyclomatic-complexity -MMD -MP -MF"Example/User/stm32f7xx_it.d" -MT"Example/User/stm32f7xx_it.o" --specs=nano.specs -mfpu=fpv5-sp-d16 -mfloat-abi=hard -mthumb -o "Example/User/stm32f7xx_it.o"
arm-none-eabi-gcc "C:/Users/HoFong/STM32Cube/Repository/STM32Cube_FW_F7_V1.17.1/Projects/STM32F722ZE-Nucleo/Examples/PWR/PWR_CurrentConsumption/Src/stm32f7xx_lp_modes.c" -mcpu=cortex-m7 -std=gnu11 -g3 -DSTM32F722xx -DUSE_HAL_DRIVER -DUSE_STM32F7XX_NUCLEO_144 -c -I../../../Inc -I../../../../../../../../Drivers/CMSIS/Device/ST/STM32F7xx/Include -I../../../../../../../../Drivers/STM32F7xx_HAL_Driver/Inc -I../../../../../../../../Drivers/BSP/STM32F7xx_Nucleo_144 -I../../../../../../../../Drivers/CMSIS/Include -Os -ffunction-sections -Wall -fstack-usage -fcyclomatic-complexity -MMD -MP -MF"Example/User/stm32f7xx_lp_modes.d" -MT"Example/User/stm32f7xx_lp_modes.o" --specs=nano.specs -mfpu=fpv5-sp-d16 -mfloat-abi=hard -mthumb -o "Example/User/stm32f7xx_lp_modes.o"
arm-none-eabi-gcc -mcpu=cortex-m7 -g3 -c -x assembler-with-cpp -MMD -MP -MF"Example/SW4STM32/startup_stm32f722xx.d" -MT"Example/SW4STM32/startup_stm32f722xx.o" --specs=nano.specs -mfpu=fpv5-sp-d16 -mfloat-abi=hard -mthumb -o "Example/SW4STM32/startup_stm32f722xx.o" "C:/Users/HoFong/STM32Cube/Repository/STM32Cube_FW_F7_V1.17.1/Projects/STM32F722ZE-Nucleo/Examples/PWR/PWR_CurrentConsumption/SW4STM32/startup_stm32f722xx.s"
arm-none-eabi-gcc "C:/Users/HoFong/STM32Cube/Repository/STM32Cube_FW_F7_V1.17.1/Drivers/STM32F7xx_HAL_Driver/Src/stm32f7xx_hal.c" -mcpu=cortex-m7 -std=gnu11 -g3 -DSTM32F722xx -DUSE_HAL_DRIVER -DUSE_STM32F7XX_NUCLEO_144 -c -I../../../Inc -I../../../../../../../../Drivers/CMSIS/Device/ST/STM32F7xx/Include -I../../../../../../../../Drivers/STM32F7xx_HAL_Driver/Inc -I../../../../../../../../Drivers/BSP/STM32F7xx_Nucleo_144 -I../../../../../../../../Drivers/CMSIS/Include -Os -ffunction-sections -Wall -fstack-usage -fcyclomatic-complexity -MMD -MP -MF"Drivers/STM32F7xx_HAL_Driver/stm32f7xx_hal.d" -MT"Drivers/STM32F7xx_HAL_Driver/stm32f7xx_hal.o" --specs=nano.specs -mfpu=fpv5-sp-d16 -mfloat-abi=hard -mthumb -o "Drivers/STM32F7xx_HAL_Driver/stm32f7xx_hal.o"
arm-none-eabi-gcc "C:/Users/HoFong/STM32Cube/Repository/STM32Cube_FW_F7_V1.17.1/Drivers/STM32F7xx_HAL_Driver/Src/stm32f7xx_hal_adc.c" -mcpu=cortex-m7 -std=gnu11 -g3 -DSTM32F722xx -DUSE_HAL_DRIVER -DUSE_STM32F7XX_NUCLEO_144 -c -I../../../Inc -I../../../../../../../../Drivers/CMSIS/Device/ST/STM32F7xx/Include -I../../../../../../../../Drivers/STM32F7xx_HAL_Driver/Inc -I../../../../../../../../Drivers/BSP/STM32F7xx_Nucleo_144 -I../../../../../../../../Drivers/CMSIS/Include -Os -ffunction-sections -Wall -fstack-usage -fcyclomatic-complexity -MMD -MP -MF"Drivers/STM32F7xx_HAL_Driver/stm32f7xx_hal_adc.d" -MT"Drivers/STM32F7xx_HAL_Driver/stm32f7xx_hal_adc.o" --specs=nano.specs -mfpu=fpv5-sp-d16 -mfloat-abi=hard -mthumb -o "Drivers/STM32F7xx_HAL_Driver/stm32f7xx_hal_adc.o"
arm-none-eabi-gcc "C:/Users/HoFong/STM32Cube/Repository/STM32Cube_FW_F7_V1.17.1/Drivers/STM32F7xx_HAL_Driver/Src/stm32f7xx_hal_adc_ex.c" -mcpu=cortex-m7 -std=gnu11 -g3 -DSTM32F722xx -DUSE_HAL_DRIVER -DUSE_STM32F7XX_NUCLEO_144 -c -I../../../Inc -I../../../../../../../../Drivers/CMSIS/Device/ST/STM32F7xx/Include -I../../../../../../../../Drivers/STM32F7xx_HAL_Driver/Inc -I../../../../../../../../Drivers/BSP/STM32F7xx_Nucleo_144 -I../../../../../../../../Drivers/CMSIS/Include -Os -ffunction-sections -Wall -fstack-usage -fcyclomatic-complexity -MMD -MP -MF"Drivers/STM32F7xx_HAL_Driver/stm32f7xx_hal_adc_ex.d" -MT"Drivers/STM32F7xx_HAL_Driver/stm32f7xx_hal_adc_ex.o" --specs=nano.specs -mfpu=fpv5-sp-d16 -mfloat-abi=hard -mthumb -o "Drivers/STM32F7xx_HAL_Driver/stm32f7xx_hal_adc_ex.o"
arm-none-eabi-gcc "C:/Users/HoFong/STM32Cube/Repository/STM32Cube_FW_F7_V1.17.1/Drivers/STM32F7xx_HAL_Driver/Src/stm32f7xx_hal_cortex.c" -mcpu=cortex-m7 -std=gnu11 -g3 -DSTM32F722xx -DUSE_HAL_DRIVER -DUSE_STM32F7XX_NUCLEO_144 -c -I../../../Inc -I../../../../../../../../Drivers/CMSIS/Device/ST/STM32F7xx/Include -I../../../../../../../../Drivers/STM32F7xx_HAL_Driver/Inc -I../../../../../../../../Drivers/BSP/STM32F7xx_Nucleo_144 -I../../../../../../../../Drivers/CMSIS/Include -Os -ffunction-sections -Wall -fstack-usage -fcyclomatic-complexity -MMD -MP -MF"Drivers/STM32F7xx_HAL_Driver/stm32f7xx_hal_cortex.d" -MT"Drivers/STM32F7xx_HAL_Driver/stm32f7xx_hal_cortex.o" --specs=nano.specs -mfpu=fpv5-sp-d16 -mfloat-abi=hard -mthumb -o "Drivers/STM32F7xx_HAL_Driver/stm32f7xx_hal_cortex.o"
arm-none-eabi-gcc "C:/Users/HoFong/STM32Cube/Repository/STM32Cube_FW_F7_V1.17.1/Drivers/STM32F7xx_HAL_Driver/Src/stm32f7xx_hal_dma.c" -mcpu=cortex-m7 -std=gnu11 -g3 -DSTM32F722xx -DUSE_HAL_DRIVER -DUSE_STM32F7XX_NUCLEO_144 -c -I../../../Inc -I../../../../../../../../Drivers/CMSIS/Device/ST/STM32F7xx/Include -I../../../../../../../../Drivers/STM32F7xx_HAL_Driver/Inc -I../../../../../../../../Drivers/BSP/STM32F7xx_Nucleo_144 -I../../../../../../../../Drivers/CMSIS/Include -Os -ffunction-sections -Wall -fstack-usage -fcyclomatic-complexity -MMD -MP -MF"Drivers/STM32F7xx_HAL_Driver/stm32f7xx_hal_dma.d" -MT"Drivers/STM32F7xx_HAL_Driver/stm32f7xx_hal_dma.o" --specs=nano.specs -mfpu=fpv5-sp-d16 -mfloat-abi=hard -mthumb -o "Drivers/STM32F7xx_HAL_Driver/stm32f7xx_hal_dma.o"
arm-none-eabi-gcc "C:/Users/HoFong/STM32Cube/Repository/STM32Cube_FW_F7_V1.17.1/Drivers/STM32F7xx_HAL_Driver/Src/stm32f7xx_hal_dma_ex.c" -mcpu=cortex-m7 -std=gnu11 -g3 -DSTM32F722xx -DUSE_HAL_DRIVER -DUSE_STM32F7XX_NUCLEO_144 -c -I../../../Inc -I../../../../../../../../Drivers/CMSIS/Device/ST/STM32F7xx/Include -I../../../../../../../../Drivers/STM32F7xx_HAL_Driver/Inc -I../../../../../../../../Drivers/BSP/STM32F7xx_Nucleo_144 -I../../../../../../../../Drivers/CMSIS/Include -Os -ffunction-sections -Wall -fstack-usage -fcyclomatic-complexity -MMD -MP -MF"Drivers/STM32F7xx_HAL_Driver/stm32f7xx_hal_dma_ex.d" -MT"Drivers/STM32F7xx_HAL_Driver/stm32f7xx_hal_dma_ex.o" --specs=nano.specs -mfpu=fpv5-sp-d16 -mfloat-abi=hard -mthumb -o "Drivers/STM32F7xx_HAL_Driver/stm32f7xx_hal_dma_ex.o"
arm-none-eabi-gcc "C:/Users/HoFong/STM32Cube/Repository/STM32Cube_FW_F7_V1.17.1/Drivers/STM32F7xx_HAL_Driver/Src/stm32f7xx_hal_eth.c" -mcpu=cortex-m7 -std=gnu11 -g3 -DSTM32F722xx -DUSE_HAL_DRIVER -DUSE_STM32F7XX_NUCLEO_144 -c -I../../../Inc -I../../../../../../../../Drivers/CMSIS/Device/ST/STM32F7xx/Include -I../../../../../../../../Drivers/STM32F7xx_HAL_Driver/Inc -I../../../../../../../../Drivers/BSP/STM32F7xx_Nucleo_144 -I../../../../../../../../Drivers/CMSIS/Include -Os -ffunction-sections -Wall -fstack-usage -fcyclomatic-complexity -MMD -MP -MF"Drivers/STM32F7xx_HAL_Driver/stm32f7xx_hal_eth.d" -MT"Drivers/STM32F7xx_HAL_Driver/stm32f7xx_hal_eth.o" --specs=nano.specs -mfpu=fpv5-sp-d16 -mfloat-abi=hard -mthumb -o "Drivers/STM32F7xx_HAL_Driver/stm32f7xx_hal_eth.o"
arm-none-eabi-gcc "C:/Users/HoFong/STM32Cube/Repository/STM32Cube_FW_F7_V1.17.1/Drivers/STM32F7xx_HAL_Driver/Src/stm32f7xx_hal_gpio.c" -mcpu=cortex-m7 -std=gnu11 -g3 -DSTM32F722xx -DUSE_HAL_DRIVER -DUSE_STM32F7XX_NUCLEO_144 -c -I../../../Inc -I../../../../../../../../Drivers/CMSIS/Device/ST/STM32F7xx/Include -I../../../../../../../../Drivers/STM32F7xx_HAL_Driver/Inc -I../../../../../../../../Drivers/BSP/STM32F7xx_Nucleo_144 -I../../../../../../../../Drivers/CMSIS/Include -Os -ffunction-sections -Wall -fstack-usage -fcyclomatic-complexity -MMD -MP -MF"Drivers/STM32F7xx_HAL_Driver/stm32f7xx_hal_gpio.d" -MT"Drivers/STM32F7xx_HAL_Driver/stm32f7xx_hal_gpio.o" --specs=nano.specs -mfpu=fpv5-sp-d16 -mfloat-abi=hard -mthumb -o "Drivers/STM32F7xx_HAL_Driver/stm32f7xx_hal_gpio.o"
arm-none-eabi-gcc "C:/Users/HoFong/STM32Cube/Repository/STM32Cube_FW_F7_V1.17.1/Drivers/STM32F7xx_HAL_Driver/Src/stm32f7xx_hal_pwr.c" -mcpu=cortex-m7 -std=gnu11 -g3 -DSTM32F722xx -DUSE_HAL_DRIVER -DUSE_STM32F7XX_NUCLEO_144 -c -I../../../Inc -I../../../../../../../../Drivers/CMSIS/Device/ST/STM32F7xx/Include -I../../../../../../../../Drivers/STM32F7xx_HAL_Driver/Inc -I../../../../../../../../Drivers/BSP/STM32F7xx_Nucleo_144 -I../../../../../../../../Drivers/CMSIS/Include -Os -ffunction-sections -Wall -fstack-usage -fcyclomatic-complexity -MMD -MP -MF"Drivers/STM32F7xx_HAL_Driver/stm32f7xx_hal_pwr.d" -MT"Drivers/STM32F7xx_HAL_Driver/stm32f7xx_hal_pwr.o" --specs=nano.specs -mfpu=fpv5-sp-d16 -mfloat-abi=hard -mthumb -o "Drivers/STM32F7xx_HAL_Driver/stm32f7xx_hal_pwr.o"
arm-none-eabi-gcc "C:/Users/HoFong/STM32Cube/Repository/STM32Cube_FW_F7_V1.17.1/Drivers/STM32F7xx_HAL_Driver/Src/stm32f7xx_hal_pwr_ex.c" -mcpu=cortex-m7 -std=gnu11 -g3 -DSTM32F722xx -DUSE_HAL_DRIVER -DUSE_STM32F7XX_NUCLEO_144 -c -I../../../Inc -I../../../../../../../../Drivers/CMSIS/Device/ST/STM32F7xx/Include -I../../../../../../../../Drivers/STM32F7xx_HAL_Driver/Inc -I../../../../../../../../Drivers/BSP/STM32F7xx_Nucleo_144 -I../../../../../../../../Drivers/CMSIS/Include -Os -ffunction-sections -Wall -fstack-usage -fcyclomatic-complexity -MMD -MP -MF"Drivers/STM32F7xx_HAL_Driver/stm32f7xx_hal_pwr_ex.d" -MT"Drivers/STM32F7xx_HAL_Driver/stm32f7xx_hal_pwr_ex.o" --specs=nano.specs -mfpu=fpv5-sp-d16 -mfloat-abi=hard -mthumb -o "Drivers/STM32F7xx_HAL_Driver/stm32f7xx_hal_pwr_ex.o"
arm-none-eabi-gcc "C:/Users/HoFong/STM32Cube/Repository/STM32Cube_FW_F7_V1.17.1/Drivers/STM32F7xx_HAL_Driver/Src/stm32f7xx_hal_rcc.c" -mcpu=cortex-m7 -std=gnu11 -g3 -DSTM32F722xx -DUSE_HAL_DRIVER -DUSE_STM32F7XX_NUCLEO_144 -c -I../../../Inc -I../../../../../../../../Drivers/CMSIS/Device/ST/STM32F7xx/Include -I../../../../../../../../Drivers/STM32F7xx_HAL_Driver/Inc -I../../../../../../../../Drivers/BSP/STM32F7xx_Nucleo_144 -I../../../../../../../../Drivers/CMSIS/Include -Os -ffunction-sections -Wall -fstack-usage -fcyclomatic-complexity -MMD -MP -MF"Drivers/STM32F7xx_HAL_Driver/stm32f7xx_hal_rcc.d" -MT"Drivers/STM32F7xx_HAL_Driver/stm32f7xx_hal_rcc.o" --specs=nano.specs -mfpu=fpv5-sp-d16 -mfloat-abi=hard -mthumb -o "Drivers/STM32F7xx_HAL_Driver/stm32f7xx_hal_rcc.o"
arm-none-eabi-gcc "C:/Users/HoFong/STM32Cube/Repository/STM32Cube_FW_F7_V1.17.1/Drivers/STM32F7xx_HAL_Driver/Src/stm32f7xx_hal_rcc_ex.c" -mcpu=cortex-m7 -std=gnu11 -g3 -DSTM32F722xx -DUSE_HAL_DRIVER -DUSE_STM32F7XX_NUCLEO_144 -c -I../../../Inc -I../../../../../../../../Drivers/CMSIS/Device/ST/STM32F7xx/Include -I../../../../../../../../Drivers/STM32F7xx_HAL_Driver/Inc -I../../../../../../../../Drivers/BSP/STM32F7xx_Nucleo_144 -I../../../../../../../../Drivers/CMSIS/Include -Os -ffunction-sections -Wall -fstack-usage -fcyclomatic-complexity -MMD -MP -MF"Drivers/STM32F7xx_HAL_Driver/stm32f7xx_hal_rcc_ex.d" -MT"Drivers/STM32F7xx_HAL_Driver/stm32f7xx_hal_rcc_ex.o" --specs=nano.specs -mfpu=fpv5-sp-d16 -mfloat-abi=hard -mthumb -o "Drivers/STM32F7xx_HAL_Driver/stm32f7xx_hal_rcc_ex.o"
arm-none-eabi-gcc "C:/Users/HoFong/STM32Cube/Repository/STM32Cube_FW_F7_V1.17.1/Drivers/STM32F7xx_HAL_Driver/Src/stm32f7xx_hal_rtc.c" -mcpu=cortex-m7 -std=gnu11 -g3 -DSTM32F722xx -DUSE_HAL_DRIVER -DUSE_STM32F7XX_NUCLEO_144 -c -I../../../Inc -I../../../../../../../../Drivers/CMSIS/Device/ST/STM32F7xx/Include -I../../../../../../../../Drivers/STM32F7xx_HAL_Driver/Inc -I../../../../../../../../Drivers/BSP/STM32F7xx_Nucleo_144 -I../../../../../../../../Drivers/CMSIS/Include -Os -ffunction-sections -Wall -fstack-usage -fcyclomatic-complexity -MMD -MP -MF"Drivers/STM32F7xx_HAL_Driver/stm32f7xx_hal_rtc.d" -MT"Drivers/STM32F7xx_HAL_Driver/stm32f7xx_hal_rtc.o" --specs=nano.specs -mfpu=fpv5-sp-d16 -mfloat-abi=hard -mthumb -o "Drivers/STM32F7xx_HAL_Driver/stm32f7xx_hal_rtc.o"
arm-none-eabi-gcc "C:/Users/HoFong/STM32Cube/Repository/STM32Cube_FW_F7_V1.17.1/Drivers/STM32F7xx_HAL_Driver/Src/stm32f7xx_hal_rtc_ex.c" -mcpu=cortex-m7 -std=gnu11 -g3 -DSTM32F722xx -DUSE_HAL_DRIVER -DUSE_STM32F7XX_NUCLEO_144 -c -I../../../Inc -I../../../../../../../../Drivers/CMSIS/Device/ST/STM32F7xx/Include -I../../../../../../../../Drivers/STM32F7xx_HAL_Driver/Inc -I../../../../../../../../Drivers/BSP/STM32F7xx_Nucleo_144 -I../../../../../../../../Drivers/CMSIS/Include -Os -ffunction-sections -Wall -fstack-usage -fcyclomatic-complexity -MMD -MP -MF"Drivers/STM32F7xx_HAL_Driver/stm32f7xx_hal_rtc_ex.d" -MT"Drivers/STM32F7xx_HAL_Driver/stm32f7xx_hal_rtc_ex.o" --specs=nano.specs -mfpu=fpv5-sp-d16 -mfloat-abi=hard -mthumb -o "Drivers/STM32F7xx_HAL_Driver/stm32f7xx_hal_rtc_ex.o"
arm-none-eabi-gcc "C:/Users/HoFong/STM32Cube/Repository/STM32Cube_FW_F7_V1.17.1/Drivers/STM32F7xx_HAL_Driver/Src/stm32f7xx_hal_spi.c" -mcpu=cortex-m7 -std=gnu11 -g3 -DSTM32F722xx -DUSE_HAL_DRIVER -DUSE_STM32F7XX_NUCLEO_144 -c -I../../../Inc -I../../../../../../../../Drivers/CMSIS/Device/ST/STM32F7xx/Include -I../../../../../../../../Drivers/STM32F7xx_HAL_Driver/Inc -I../../../../../../../../Drivers/BSP/STM32F7xx_Nucleo_144 -I../../../../../../../../Drivers/CMSIS/Include -Os -ffunction-sections -Wall -fstack-usage -fcyclomatic-complexity -MMD -MP -MF"Drivers/STM32F7xx_HAL_Driver/stm32f7xx_hal_spi.d" -MT"Drivers/STM32F7xx_HAL_Driver/stm32f7xx_hal_spi.o" --specs=nano.specs -mfpu=fpv5-sp-d16 -mfloat-abi=hard -mthumb -o "Drivers/STM32F7xx_HAL_Driver/stm32f7xx_hal_spi.o"
arm-none-eabi-gcc "C:/Users/HoFong/STM32Cube/Repository/STM32Cube_FW_F7_V1.17.1/Projects/STM32F722ZE-Nucleo/Examples/PWR/PWR_CurrentConsumption/Src/system_stm32f7xx.c" -mcpu=cortex-m7 -std=gnu11 -g3 -DSTM32F722xx -DUSE_HAL_DRIVER -DUSE_STM32F7XX_NUCLEO_144 -c -I../../../Inc -I../../../../../../../../Drivers/CMSIS/Device/ST/STM32F7xx/Include -I../../../../../../../../Drivers/STM32F7xx_HAL_Driver/Inc -I../../../../../../../../Drivers/BSP/STM32F7xx_Nucleo_144 -I../../../../../../../../Drivers/CMSIS/Include -Os -ffunction-sections -Wall -fstack-usage -fcyclomatic-complexity -MMD -MP -MF"Drivers/CMSIS/system_stm32f7xx.d" -MT"Drivers/CMSIS/system_stm32f7xx.o" --specs=nano.specs -mfpu=fpv5-sp-d16 -mfloat-abi=hard -mthumb -o "Drivers/CMSIS/system_stm32f7xx.o"
arm-none-eabi-gcc "C:/Users/HoFong/STM32Cube/Repository/STM32Cube_FW_F7_V1.17.1/Drivers/BSP/STM32F7xx_Nucleo_144/stm32f7xx_nucleo_144.c" -mcpu=cortex-m7 -std=gnu11 -g3 -DSTM32F722xx -DUSE_HAL_DRIVER -DUSE_STM32F7XX_NUCLEO_144 -c -I../../../Inc -I../../../../../../../../Drivers/CMSIS/Device/ST/STM32F7xx/Include -I../../../../../../../../Drivers/STM32F7xx_HAL_Driver/Inc -I../../../../../../../../Drivers/BSP/STM32F7xx_Nucleo_144 -I../../../../../../../../Drivers/CMSIS/Include -Os -ffunction-sections -Wall -fstack-usage -fcyclomatic-complexity -MMD -MP -MF"Drivers/BSP/STM32F7xx_Nucleo_144/stm32f7xx_nucleo_144.d" -MT"Drivers/BSP/STM32F7xx_Nucleo_144/stm32f7xx_nucleo_144.o" --specs=nano.specs -mfpu=fpv5-sp-d16 -mfloat-abi=hard -mthumb -o "Drivers/BSP/STM32F7xx_Nucleo_144/stm32f7xx_nucleo_144.o"
arm-none-eabi-gcc -o "STM32F722ZE_Nucleo.elf" @"objects.list"   -mcpu=cortex-m7 -T"../STM32F722ZETx_FLASH.ld" --specs=nosys.specs -Wl,-Map="STM32F722ZE_Nucleo.map" -Wl,--gc-sections -static --specs=nano.specs -mfpu=fpv5-sp-d16 -mfloat-abi=hard -mthumb -Wl,--start-group -lc -lm -Wl,--end-group
C:/ST/STM32CubeIDE_1.13.2/STM32CubeIDE/plugins/com.st.stm32cube.ide.mcu.externaltools.gnu-tools-for-stm32.11.3.rel1.win32_1.1.1.202309131626/tools/bin/../lib/gcc/arm-none-eabi/11.3.1/../../../../arm-none-eabi/bin/ld.exe: C:/ST/STM32CubeIDE_1.13.2/STM32CubeIDE/plugins/com.st.stm32cube.ide.mcu.externaltools.gnu-tools-for-stm32.11.3.rel1.win32_1.1.1.202309131626/tools/bin/../lib/gcc/arm-none-eabi/11.3.1/../../../../arm-none-eabi/lib/thumb/v7e-m+fp/hard\libc_nano.a(libc_a-closer.o): in function `_close_r':
(.text._close_r+0xc): warning: _close is not implemented and will always fail
C:/ST/STM32CubeIDE_1.13.2/STM32CubeIDE/plugins/com.st.stm32cube.ide.mcu.externaltools.gnu-tools-for-stm32.11.3.rel1.win32_1.1.1.202309131626/tools/bin/../lib/gcc/arm-none-eabi/11.3.1/../../../../arm-none-eabi/bin/ld.exe: C:/ST/STM32CubeIDE_1.13.2/STM32CubeIDE/plugins/com.st.stm32cube.ide.mcu.externaltools.gnu-tools-for-stm32.11.3.rel1.win32_1.1.1.202309131626/tools/bin/../lib/gcc/arm-none-eabi/11.3.1/../../../../arm-none-eabi/lib/thumb/v7e-m+fp/hard\libc_nano.a(libc_a-lseekr.o): in function `_lseek_r':
(.text._lseek_r+0x10): warning: _lseek is not implemented and will always fail
C:/ST/STM32CubeIDE_1.13.2/STM32CubeIDE/plugins/com.st.stm32cube.ide.mcu.externaltools.gnu-tools-for-stm32.11.3.rel1.win32_1.1.1.202309131626/tools/bin/../lib/gcc/arm-none-eabi/11.3.1/../../../../arm-none-eabi/bin/ld.exe: C:/ST/STM32CubeIDE_1.13.2/STM32CubeIDE/plugins/com.st.stm32cube.ide.mcu.externaltools.gnu-tools-for-stm32.11.3.rel1.win32_1.1.1.202309131626/tools/bin/../lib/gcc/arm-none-eabi/11.3.1/../../../../arm-none-eabi/lib/thumb/v7e-m+fp/hard\libc_nano.a(libc_a-readr.o): in function `_read_r':
(.text._read_r+0x10): warning: _read is not implemented and will always fail
C:/ST/STM32CubeIDE_1.13.2/STM32CubeIDE/plugins/com.st.stm32cube.ide.mcu.externaltools.gnu-tools-for-stm32.11.3.rel1.win32_1.1.1.202309131626/tools/bin/../lib/gcc/arm-none-eabi/11.3.1/../../../../arm-none-eabi/bin/ld.exe: C:/ST/STM32CubeIDE_1.13.2/STM32CubeIDE/plugins/com.st.stm32cube.ide.mcu.externaltools.gnu-tools-for-stm32.11.3.rel1.win32_1.1.1.202309131626/tools/bin/../lib/gcc/arm-none-eabi/11.3.1/../../../../arm-none-eabi/lib/thumb/v7e-m+fp/hard\libc_nano.a(libc_a-writer.o): in function `_write_r':
(.text._write_r+0x10): warning: _write is not implemented and will always fail
Finished building target: STM32F722ZE_Nucleo.elf
 
arm-none-eabi-size   STM32F722ZE_Nucleo.elf 
   text	   data	    bss	    dec	    hex	filename
   4936	     40	   1608	   6584	   19b8	STM32F722ZE_Nucleo.elf
Finished building: default.size.stdout
 
arm-none-eabi-objdump -h -S  STM32F722ZE_Nucleo.elf  > "STM32F722ZE_Nucleo.list"
Finished building: STM32F722ZE_Nucleo.list
 
arm-none-eabi-objcopy  -O binary  STM32F722ZE_Nucleo.elf  "STM32F722ZE_Nucleo.bin"
Finished building: STM32F722ZE_Nucleo.bin
 

13:59:36 Build Failed. 4 errors, 4 warnings. (took 8s.555ms)

