../Core/Src/main.c:83:6:HAL_UART_RxCpltCallback	16	static
../Core/Src/main.c:113:5:main	40	static
../Core/Src/main.c:208:6:SystemClock_Config	88	static
../Core/Src/main.c:261:13:MX_I2C1_Init	8	static
../Core/Src/main.c:309:13:MX_TIM13_Init	40	static
../Core/Src/main.c:355:13:MX_TIM14_Init	40	static
../Core/Src/main.c:401:13:MX_UART4_Init	8	static
../Core/Src/main.c:436:13:MX_UART5_Init	8	static
../Core/Src/main.c:471:13:MX_USART3_UART_Init	8	static
../Core/Src/main.c:506:13:MX_USB_OTG_FS_PCD_Init	8	static
../Core/Src/main.c:542:13:MX_GPIO_Init	56	static
../Core/Src/main.c:609:6:Error_Handler	4	static,ignoring_inline_asm
