12:00:26 **** Build of configuration Debug for project GYRO_T2 ****
make -j12 all 
arm-none-eabi-gcc "../Core/Src/main.c" -mcpu=cortex-m7 -std=gnu11 -g3 -DDEBUG -DUSE_HAL_DRIVER -DSTM32F722xx -c -I../Core/Inc -I../Drivers/STM32F7xx_HAL_Driver/Inc -I../Drivers/STM32F7xx_HAL_Driver/Inc/Legacy -I../Drivers/CMSIS/Device/ST/STM32F7xx/Include -I../Drivers/CMSIS/Include -O0 -ffunction-sections -fdata-sections -Wall -fstack-usage -fcyclomatic-complexity -MMD -MP -MF"Core/Src/main.d" -MT"Core/Src/main.o" --specs=nano.specs -mfpu=fpv5-sp-d16 -mfloat-abi=hard -mthumb -o "Core/Src/main.o"
arm-none-eabi-gcc -o "GYRO_T2.elf" @"objects.list"   -mcpu=cortex-m7 -T"C:\Users\HoFong\STM_WS\ws4\GYRO_T2\STM32F722ZETX_FLASH.ld" --specs=nosys.specs -Wl,-Map="GYRO_T2.map" -Wl,--gc-sections -static --specs=nano.specs -mfpu=fpv5-sp-d16 -mfloat-abi=hard -mthumb -u _printf_float -Wl,--start-group -lc -lm -Wl,--end-group
Finished building target: GYRO_T2.elf
 
arm-none-eabi-size   GYRO_T2.elf 
arm-none-eabi-objdump -h -S  GYRO_T2.elf  > "GYRO_T2.list"
   text	   data	    bss	    dec	    hex	filename
  35708	    476	   3892	  40076	   9c8c	GYRO_T2.elf
Finished building: default.size.stdout
 
Finished building: GYRO_T2.list
 
12:00:32 **** Incremental Build of configuration Debug for project GYRO_T2 ****
make -j12 all 
arm-none-eabi-size   GYRO_T2.elf 
   text	   data	    bss	    dec	    hex	filename
  35708	    476	   3892	  40076	   9c8c	GYRO_T2.elf
Finished building: default.size.stdout
 
